// Jest Snapshot v1, https://goo.gl/fbAQLP

exports[`TheNavigationAvatar matches snapshot 1`] = `
<div class="avatarContainer">
    <!---->
    <div class="online"></div>
</div>
`;
