// Jest Snapshot v1, https://goo.gl/fbAQLP

exports[`User matches snapshot 1`] = `
<li class="conversationLabel">
    <div class="avatarContainer">
        <!---->
    </div>
    <div class="content">
        <div class="conversationName">

        </div>
    </div>
    <!---->
</li>
`;
